<html>
<body>
<pre>
<h1>µVision Build Log</h1>
<h2>Tool Versions:</h2>
IDE-Version: µVision V5.26.2.0
Copyright (C) 2018 ARM Ltd and ARM Germany GmbH. All rights reserved.
License Information: ¡ngel Espinosa, UNIVERSIDAD DE ZARAGOZA, LIC=----
 
Tool Versions:
Toolchain:       MDK-Lite  Version: 5.26.2.0
Toolchain Path:  C:\Keil_v5\ARM\ARMCC\Bin
C Compiler:      Armcc.exe V5.06 update 6 (build 750)
Assembler:       Armasm.exe V5.06 update 6 (build 750)
Linker/Locator:  ArmLink.exe V5.06 update 6 (build 750)
Library Manager: ArmAr.exe V5.06 update 6 (build 750)
Hex Converter:   FromElf.exe V5.06 update 6 (build 750)
CPU DLL:         SARM.DLL V5.26.2.0
Dialog DLL:      DARMP.DLL V1.53.0.0
Target DLL:      UL2ARM.DLL V1.74.10.0
Dialog DLL:      TARMP.DLL V1.53.0.0
 
<h2>Project:</h2>
C:\Users\ANGEL\Documents\GitHub\Proyecto_HW\keil_reversi\keil_reversi.uvproj
Project File Date:  11/24/2021

<h2>Output:</h2>
*** Using Compiler 'V5.06 update 6 (build 750)', folder: 'C:\Keil_v5\ARM\ARMCC\Bin'
Rebuild target 'Simulator'
compiling Retarget.c...
assembling Startup.s...
compiling Power_management.c...
compiling gestor_pulsacion.c...
compiling boton_eint0.c...
compiling timer0.c...
compiling gestor_alarmas.c...
assembling gestor_SC.s...
compiling cola.c...
assembling Actualizar.s...
assembling Actualizar_Propagar.s...
compiling main.c...
main.c(241): warning:  #550-D: variable "tot"  was set but never used
  	int t1,t2,tot;				// Variables de medici√≥n de tiempo
main.c: 1 warning, 0 errors
compiling gestor_IO.c...
assembling propagar.s...
compiling gpio.c...
linking...
Program Size: Code=7068 RO-data=32 RW-data=676 ZI-data=2852  
".\keil_reversi.axf" - 0 Error(s), 1 Warning(s).
Build Time Elapsed:  00:00:01
</pre>
</body>
</html>
